{
  "mediaType": "application/vnd.dev.sigstore.bundle+json;version=0.1",
  "content": {
    "messageSignature": {
      "messageDigest": { "algorithm": "SHA2_256", "digest": "<hex-of-plugin>" },
      "signature": "!!!!not-base64!!!!"
    }
  },
  "verificationMaterial": {
    "x509CertificateChain": {
      "certificates": [ { "rawBytes": "<base64-fulcio-leaf>" } ]
    },
    "tlogEntries": []
  }
}

