{
  "mediaType": "application/vnd.dev.sigstore.bundle+json;version=0.1",
  "messageSignature": {
    "messageDigest": {
      "algorithm": "SHA2_256",
      "digest": "AAo4Eia4tEoNMtcolqp6QOVr6i/2zjbSQ8xcNYHYd9s="
    },
    "signature": "MEQCIAYtpdas7AyPrDikkJsRbrKvHja8KefOdyrT+Hq/ojN3AiB2HOEoZ3XbpZ7kP2wAbtHFOTxWtP8ElbUn66a9UckCtw=="
  },
  "verificationMaterial": {
    "tlogEntries": [
      {
        "canonicalizedBody": "eyJhcGlWZXJzaW9uIjoiMC4wLjEiLCJraW5kIjoiaGFzaGVkcmVrb3JkIiwic3BlYyI6eyJkYXRhIjp7Imhhc2giOnsiYWxnb3JpdGhtIjoic2hhMjU2IiwidmFsdWUiOiI2MDBhMzgxMjI2YjhiNDRhMGQzMmQ3Mjg5NmFhN2E0MGU1NmJlYTJmZjZjZTM2ZDI0M2NjNWMzNTgxZDg3N2RiIn19LCJzaWduYXR1cmUiOnsiY29udGVudCI6Ik1FUUNJQVl0cGRhczdBeVByRGlra0pzUmJyS3ZIamE4S2VmT2R5clQrSHEvb2pOM0FpQjJIT0VvWjNYYnBaN2tQMndBYnRIRk9UeFd0UDhFbGJVbjY2YTlVY2tDdHc9PSIsInB1YmxpY0tleSI6eyJjb250ZW50IjoiTFMwdExTMUNSVWRKVGlCRFJWSlVTVVpKUTBGVVJTMHRMUzB0Q2sxSlNVTlBha05EUVdWRFowRjNTVUpCWjBsVlFrVjBNbVk0WkU4NGR6YzVNemhaYlhWbU4xcEtWMDVGTDBwbmQwTm5XVWxMYjFwSmVtb3dSVUYzU1hjS1NVUkZaVTFDZDBkQk1WVkZRWGQzVmxReFNrUlJVMEpWV2xoT01FbEZXakZpUjA1d1lubENVMkl5T1RCTlEwRllSRlJqTVUxRVJYZE5WRUYzVFVSQmR3cE5SbTlaUkhwUmQwOVVXWGROVkVGNFRVUkJkMDFFUVhkWGFrRmFUVkpqZDBaUldVUldVVkZFUkVFMVVGVnJUa0pKUmxKc1l6TlJaMVJIVm1oYWFrSmFDazFDVFVkQ2VYRkhVMDAwT1VGblJVZERRM0ZIVTAwME9VRjNSVWhCTUVsQlFraEJja3A1ZEZZeGNWaEZjbUp4Y0dOSFJFcHROMVJpYlZGVVdVWjJjVTRLSzFwTk5EY3dhVkJNTjBkNVdUTmFhak5oUlVwdllYWjJSRWhITUhCWGJUSmllbGRCWTNsdWVXSlRUM0ZIWjBKS05FWmhiSGhUTm1wblpuZDNaMlpyZHdwSGQxbEVWbEl3VWtKQ1VYZEZiMFZSWkVkV2VtUkZRbXhsUjBaMFkwZDRiRXh0VG5aaVZFRlBRbWRPVmtoUk9FSkJaamhGUWtGTlEwSTBRWGRGZDFsRUNsWlNNR3hDUVhkM1EyZFpTVXQzV1VKQ1VWVklRWGROZDB0UldVdExkMWxDUWtGSFJIWjZRVUpCVVZGaVlVaFNNR05JVFRaTWVUbHRaRmQ0YW1GWE9IVUtZekpzYm1NelVuWmpiVlYxV2tkV01rMUpSMHBDWjI5eVFtZEZSVUZrV2pWQloxRkRRa2h6UldWUlFqTkJTRlZCVlVWM1pteFNOeTl2WjBkVEwxTTJPQW9yWlVoSWMxQmpUbUZVTTFac2ExUTRUbkl5UW5KQ2NWcE9LMmRCUVVGQlFVTlhaRlJCVVVGQlFrRk5RVkpxUWtWQmFVSmFOMUptUTBKRlMyVk9iUzkxQ25GR1JGcHJRMEkzU1U1RlRraFpjMmRNVVc5Q01sTk1lSGxhU1cxUmQwbG5VSEZaY2t0cFMzYzViMGt3WVZCUmN6QkdURE5CVmpKeFRVUTJXbFE1VEVVS2IwUlRlVTQwUjNBNGIyTjNRMmRaU1V0dldrbDZhakJGUVhkSlJGTkJRWGRTVVVsb1FVOVZaM0pSTlhOSGRDOXZRMDlIUkVKdFkxWmtMM055TDNZMll3cEVTSGRKVTI1cVdXTk1ORUZxVjBOMFFXbENkbEoxTm5GVFkyVTBjM1ZYTkROTFUzcGpaV0lyUVN0SmJtMWtjemxEYTJkS1NuZ3piMnhwY3prd2R6MDlDaTB0TFMwdFJVNUVJRU5GVWxSSlJrbERRVlJGTFMwdExTMEsifX19fQ==",
        "inclusionPromise": {
          "signedEntryTimestamp": "ZHVtbXktc2V0"
        },
        "integratedTime": 157766401,
        "kindVersion": {
          "kind": "hashedrekord",
          "version": "0.0.1"
        },
        "logId": {
          "keyId": "b3JjYS10ZXN0LWxvZw=="
        },
        "logIndex": 1
      }
    ],
    "x509CertificateChain": {
      "certificates": [
        {
          "rawBytes": "MIICOjCCAeCgAwIBAgIUBEt2f8dO8w7938Ymuf7ZJWNE/JgwCgYIKoZIzj0EAwIwIDEeMBwGA1UEAwwVT1JDQSBUZXN0IEZ1bGNpbyBSb290MCAXDTc1MDEwMTAwMDAwMFoYDzQwOTYwMTAxMDAwMDAwWjAZMRcwFQYDVQQDDA5PUkNBIFRlc3QgTGVhZjBZMBMGByqGSM49AgEGCCqGSM49AwEHA0IABHArJytV1qXErbqpcGDJm7TbmQTYFvqN+ZM470iPL7GyY3Zj3aEJoavvDHG0pWm2bzWAcynybSOqGgBJ4FalxS6jgfwwgfkwGwYDVR0RBBQwEoEQdGVzdEBleGFtcGxlLmNvbTAOBgNVHQ8BAf8EBAMCB4AwEwYDVR0lBAwwCgYIKwYBBQUHAwMwKQYKKwYBBAGDvzABAQQbaHR0cHM6Ly9mdWxjaW8uc2lnc3RvcmUuZGV2MIGJBgorBgEEAdZ5AgQCBHsEeQB3AHUAUEwflR7/ogGS/S68+eHHsPcNaT3VlkT8Nr2BrBqZN+gAAAAACWdTAQAABAMARjBEAiBZ7RfCBEKeNm/uqFDZkCB7INENHYsgLQoB2SLxyZImQwIgPqYrKiKw9oI0aPQs0FL3AV2qMD6ZT9LEoDSyN4Gp8ocwCgYIKoZIzj0EAwIDSAAwRQIhAOUgrQ5sGt/oCOGDBmcVd/sr/v6cDHwISnjYcL4AjWCtAiBvRu6qSce4suW43KSzceb+A+Inmds9CkgJJx3olis90w=="
        }
      ]
    }
  }
}